Launching lib\main.dart on sdk gphone64 x86 64 in debug mode...
Running Gradle task 'assembleDebug'...                             10.7s
ΓêÜ Built build\app\outputs\flutter-apk\app-debug.apk
Installing build\app\outputs\flutter-apk\app-debug.apk...           8.0s
E/AndroidRuntime(30947): FATAL EXCEPTION: main
E/AndroidRuntime(30947): Process: com.mashhood.skypulse, PID: 30947
E/AndroidRuntime(30947): java.lang.RuntimeException: Unable to instantiate activity ComponentInfo{com.mashhood.skypulse/com.mashhood.skypulse.MainActivity}: java.lang.ClassNotFoundException: Didn't find class "com.mashhood.skypulse.MainActivity" on path: DexPathList[[zip file "/data/app/~~EI-ruzJSXN-05Wb7JECj0Q==/com.mashhood.skypulse-U3Dag4D7Erv01_bkoB_dRg==/base.apk"],nativeLibraryDirectories=[/data/app/~~EI-ruzJSXN-05Wb7JECj0Q==/com.mashhood.skypulse-U3Dag4D7Erv01_bkoB_dRg==/lib/x86_64, /data/app/~~EI-ruzJSXN-05Wb7JECj0Q==/com.mashhood.skypulse-U3Dag4D7Erv01_bkoB_dRg==/base.apk!/lib/x86_64, /system/lib64, /system_ext/lib64]]
E/AndroidRuntime(30947): 	at android.app.ActivityThread.performLaunchActivity(ActivityThread.java:4186)
E/AndroidRuntime(30947): 	at android.app.ActivityThread.handleLaunchActivity(ActivityThread.java:4467)
E/AndroidRuntime(30947): 	at android.app.servertransaction.LaunchActivityItem.execute(LaunchActivityItem.java:222)
E/AndroidRuntime(30947): 	at android.app.servertransaction.TransactionExecutor.executeNonLifecycleItem(TransactionExecutor.java:133)
E/AndroidRuntime(30947): 	at android.app.servertransaction.TransactionExecutor.executeTransactionItems(TransactionExecutor.java:103)
E/AndroidRuntime(30947): 	at android.app.servertransaction.TransactionExecutor.execute(TransactionExecutor.java:80)
E/AndroidRuntime(30947): 	at android.app.ActivityThread$H.handleMessage(ActivityThread.java:2823)
E/AndroidRuntime(30947): 	at android.os.Handler.dispatchMessage(Handler.java:110)
E/AndroidRuntime(30947): 	at android.os.Looper.loopOnce(Looper.java:248)
E/AndroidRuntime(30947): 	at android.os.Looper.loop(Looper.java:338)
E/AndroidRuntime(30947): 	at android.app.ActivityThread.main(ActivityThread.java:9067)
E/AndroidRuntime(30947): 	at java.lang.reflect.Method.invoke(Native Method)
E/AndroidRuntime(30947): 	at com.android.internal.os.RuntimeInit$MethodAndArgsCaller.run(RuntimeInit.java:593)
E/AndroidRuntime(30947): 	at com.android.internal.os.ZygoteInit.main(ZygoteInit.java:932)
E/AndroidRuntime(30947): Caused by: java.lang.ClassNotFoundException: Didn't find class "com.mashhood.skypulse.MainActivity" on path: DexPathList[[zip file "/data/app/~~EI-ruzJSXN-05Wb7JECj0Q==/com.mashhood.skypulse-U3Dag4D7Erv01_bkoB_dRg==/base.apk"],nativeLibraryDirectories=[/data/app/~~EI-ruzJSXN-05Wb7JECj0Q==/com.mashhood.skypulse-U3Dag4D7Erv01_bkoB_dRg==/lib/x86_64, /data/app/~~EI-ruzJSXN-05Wb7JECj0Q==/com.mashhood.skypulse-U3Dag4D7Erv01_bkoB_dRg==/base.apk!/lib/x86_64, /system/lib64, /system_ext/lib64]]
E/AndroidRuntime(30947): 	at dalvik.system.BaseDexClassLoader.findClass(BaseDexClassLoader.java:259)
E/AndroidRuntime(30947): 	at java.lang.ClassLoader.loadClass(ClassLoader.java:637)
E/AndroidRuntime(30947): 	at java.lang.ClassLoader.loadClass(ClassLoader.java:573)
E/AndroidRuntime(30947): 	at android.app.AppComponentFactory.instantiateActivity(AppComponentFactory.java:95)
E/AndroidRuntime(30947): 	at androidx.core.app.CoreComponentFactory.instantiateActivity(CoreComponentFactory.java:44)
E/AndroidRuntime(30947): 	at android.app.Instrumentation.newActivity(Instrumentation.java:1443)
E/AndroidRuntime(30947): 	at android.app.ActivityThread.performLaunchActivity(ActivityThread.java:4173)
E/AndroidRuntime(30947): 	... 13 more
